System.Object => object
System.String => string
System.Byte => byte
System.SByte => sbyte
System.Int16 => short
System.UInt16 => ushort
System.Int32 => int
System.UInt32 => uint
System.Int64 => long
System.UInt64 => ulong
System.Char => char
System.Single => float
System.Double => double
System.Decimal => decimal
System.Boolean => bool
System.Nullable`1[System.Byte] => byte?
System.Nullable`1[System.SByte] => sbyte?
System.Nullable`1[System.Int16] => short?
System.Nullable`1[System.UInt16] => ushort?
System.Nullable`1[System.Int32] => int?
System.Nullable`1[System.UInt32] => uint?
System.Nullable`1[System.Int64] => long?
System.Nullable`1[System.UInt64] => ulong?
System.Nullable`1[System.Char] => char?
System.Nullable`1[System.Single] => float?
System.Nullable`1[System.Double] => double?
System.Nullable`1[System.Decimal] => decimal?
System.Nullable`1[System.Boolean] => bool?
System.DateTime => DateTime
System.DateTimeOffset => DateTimeOffset
System.Collections.Generic.List`1[System.Int32] => List<int>
System.Int32[] => int[]
System.Collections.Generic.Dictionary`2[System.String,System.Int64] => Dictionary<string, long>
